// Jest Snapshot v1, https://goo.gl/fbAQLP

exports[`ScrollButton render component 1`] = `ShallowWrapper {}`;
