// Jest Snapshot v1, https://goo.gl/fbAQLP

exports[`UserInfo render component 1`] = `ShallowWrapper {}`;
