// Jest Snapshot v1, https://goo.gl/fbAQLP

exports[`Holder render component 1`] = `ShallowWrapper {}`;
