// Jest Snapshot v1, https://goo.gl/fbAQLP

exports[`Card render component 1`] = `ShallowWrapper {}`;

exports[`Holder render component 1`] = `ShallowWrapper {}`;
